25/12/2024 01:28:38 WARNING node: LABEL conditional not in labels!
25/12/2024 01:28:38 WARNING node: LABEL conditional not in labels!
25/12/2024 01:28:38 WARNING node: LABEL conditional not in labels!
25/12/2024 01:28:38 WARNING node: LABEL conditional not in labels!
25/12/2024 01:28:38 WARNING node: LABEL conditional not in labels!
25/12/2024 01:28:38 WARNING node: LABEL conditional not in labels!
25/12/2024 01:28:38 WARNING node: LABEL arrayInitializer not in labels!
25/12/2024 01:28:38 WARNING node: LABEL conditional not in labels!
25/12/2024 01:28:38 WARNING node: LABEL arrayInitializer not in labels!
25/12/2024 01:28:38 WARNING node: LABEL conditional not in labels!
25/12/2024 01:28:38 WARNING node: LABEL conditional not in labels!
25/12/2024 01:28:38 WARNING node: LABEL conditional not in labels!
25/12/2024 01:28:38 WARNING node: LABEL conditional not in labels!
25/12/2024 01:28:38 WARNING node: LABEL conditional not in labels!
25/12/2024 01:28:38 WARNING node: LABEL conditional not in labels!
25/12/2024 01:28:38 WARNING node: LABEL conditional not in labels!
25/12/2024 01:28:38 WARNING node: LABEL conditional not in labels!
25/12/2024 01:28:38 WARNING node: LABEL conditional not in labels!
25/12/2024 01:28:39 WARNING node: LABEL conditional not in labels!
25/12/2024 01:28:39 WARNING node: LABEL conditional not in labels!
25/12/2024 01:28:39 WARNING node: LABEL arrayInitializer not in labels!
25/12/2024 01:28:39 WARNING node: LABEL arrayInitializer not in labels!
25/12/2024 01:28:39 WARNING node: LABEL conditional not in labels!
25/12/2024 01:28:39 WARNING node: LABEL conditional not in labels!
25/12/2024 11:12:15 WARNING node: LABEL conditional not in labels!
25/12/2024 11:12:15 WARNING node: LABEL conditional not in labels!
25/12/2024 11:12:15 WARNING node: LABEL conditional not in labels!
25/12/2024 11:12:15 WARNING node: LABEL conditional not in labels!
25/12/2024 11:12:15 WARNING node: LABEL conditional not in labels!
25/12/2024 11:12:15 WARNING node: LABEL conditional not in labels!
25/12/2024 11:12:15 WARNING node: LABEL arrayInitializer not in labels!
25/12/2024 11:12:15 WARNING node: LABEL conditional not in labels!
25/12/2024 11:12:15 WARNING node: LABEL arrayInitializer not in labels!
25/12/2024 11:12:15 WARNING node: LABEL conditional not in labels!
25/12/2024 11:12:15 WARNING node: LABEL conditional not in labels!
25/12/2024 11:12:15 WARNING node: LABEL conditional not in labels!
25/12/2024 11:12:15 WARNING node: LABEL conditional not in labels!
25/12/2024 11:12:15 WARNING node: LABEL conditional not in labels!
25/12/2024 11:12:15 WARNING node: LABEL conditional not in labels!
25/12/2024 11:12:15 WARNING node: LABEL conditional not in labels!
25/12/2024 11:12:15 WARNING node: LABEL conditional not in labels!
25/12/2024 11:12:15 WARNING node: LABEL conditional not in labels!
25/12/2024 11:12:15 WARNING node: LABEL conditional not in labels!
25/12/2024 11:12:15 WARNING node: LABEL conditional not in labels!
25/12/2024 11:12:15 WARNING node: LABEL arrayInitializer not in labels!
25/12/2024 11:12:15 WARNING node: LABEL arrayInitializer not in labels!
25/12/2024 11:12:16 WARNING node: LABEL conditional not in labels!
25/12/2024 11:12:16 WARNING node: LABEL conditional not in labels!
25/12/2024 11:34:28 WARNING node: LABEL conditional not in labels!
25/12/2024 11:34:43 WARNING node: LABEL conditional not in labels!
25/12/2024 11:40:15 WARNING node: LABEL conditional not in labels!
25/12/2024 11:45:25 WARNING node: LABEL conditional not in labels!
25/12/2024 11:45:25 WARNING node: LABEL conditional not in labels!
25/12/2024 11:45:25 WARNING node: LABEL conditional not in labels!
25/12/2024 11:45:25 WARNING node: LABEL arrayInitializer not in labels!
25/12/2024 11:45:25 WARNING node: LABEL conditional not in labels!
25/12/2024 11:45:25 WARNING node: LABEL arrayInitializer not in labels!
25/12/2024 11:45:25 WARNING node: LABEL conditional not in labels!
25/12/2024 11:45:26 WARNING node: LABEL conditional not in labels!
25/12/2024 11:45:26 WARNING node: LABEL conditional not in labels!
25/12/2024 11:45:26 WARNING node: LABEL conditional not in labels!
25/12/2024 11:45:26 WARNING node: LABEL conditional not in labels!
25/12/2024 11:45:26 WARNING node: LABEL conditional not in labels!
25/12/2024 11:45:26 WARNING node: LABEL conditional not in labels!
25/12/2024 11:45:26 WARNING node: LABEL conditional not in labels!
25/12/2024 11:45:26 WARNING node: LABEL conditional not in labels!
25/12/2024 11:45:26 WARNING node: LABEL conditional not in labels!
25/12/2024 11:45:26 WARNING node: LABEL conditional not in labels!
25/12/2024 11:45:26 WARNING node: LABEL arrayInitializer not in labels!
25/12/2024 11:45:26 WARNING node: LABEL arrayInitializer not in labels!
25/12/2024 11:45:26 WARNING node: LABEL conditional not in labels!
25/12/2024 11:45:26 WARNING node: LABEL conditional not in labels!
25/12/2024 11:59:24 WARNING node: LABEL conditional not in labels!
25/12/2024 11:59:24 WARNING node: LABEL conditional not in labels!
25/12/2024 11:59:24 WARNING node: LABEL conditional not in labels!
25/12/2024 11:59:24 WARNING node: LABEL conditional not in labels!
25/12/2024 11:59:24 WARNING node: LABEL conditional not in labels!
25/12/2024 11:59:24 WARNING node: LABEL conditional not in labels!
25/12/2024 11:59:24 WARNING node: LABEL arrayInitializer not in labels!
25/12/2024 11:59:24 WARNING node: LABEL conditional not in labels!
25/12/2024 11:59:24 WARNING node: LABEL arrayInitializer not in labels!
25/12/2024 11:59:24 WARNING node: LABEL conditional not in labels!
25/12/2024 11:59:25 WARNING node: LABEL conditional not in labels!
25/12/2024 11:59:25 WARNING node: LABEL conditional not in labels!
25/12/2024 11:59:25 WARNING node: LABEL conditional not in labels!
25/12/2024 11:59:25 WARNING node: LABEL conditional not in labels!
25/12/2024 11:59:25 WARNING node: LABEL conditional not in labels!
25/12/2024 11:59:25 WARNING node: LABEL conditional not in labels!
25/12/2024 11:59:25 WARNING node: LABEL conditional not in labels!
25/12/2024 11:59:25 WARNING node: LABEL conditional not in labels!
25/12/2024 11:59:25 WARNING node: LABEL conditional not in labels!
25/12/2024 11:59:25 WARNING node: LABEL conditional not in labels!
25/12/2024 11:59:25 WARNING node: LABEL arrayInitializer not in labels!
25/12/2024 11:59:25 WARNING node: LABEL arrayInitializer not in labels!
25/12/2024 11:59:25 WARNING node: LABEL conditional not in labels!
25/12/2024 11:59:25 WARNING node: LABEL conditional not in labels!
25/12/2024 02:25:16 WARNING node: LABEL conditional not in labels!
25/12/2024 02:25:16 WARNING node: LABEL conditional not in labels!
25/12/2024 02:25:16 WARNING node: LABEL conditional not in labels!
25/12/2024 02:25:16 WARNING node: LABEL conditional not in labels!
25/12/2024 02:25:16 WARNING node: LABEL conditional not in labels!
25/12/2024 02:25:16 WARNING node: LABEL conditional not in labels!
25/12/2024 02:25:16 WARNING node: LABEL arrayInitializer not in labels!
25/12/2024 02:25:16 WARNING node: LABEL conditional not in labels!
25/12/2024 02:25:16 WARNING node: LABEL arrayInitializer not in labels!
25/12/2024 02:25:16 WARNING node: LABEL conditional not in labels!
25/12/2024 02:25:17 WARNING node: LABEL conditional not in labels!
25/12/2024 02:25:17 WARNING node: LABEL conditional not in labels!
25/12/2024 02:25:17 WARNING node: LABEL conditional not in labels!
25/12/2024 02:25:17 WARNING node: LABEL conditional not in labels!
25/12/2024 02:25:17 WARNING node: LABEL conditional not in labels!
25/12/2024 02:25:17 WARNING node: LABEL conditional not in labels!
25/12/2024 02:25:17 WARNING node: LABEL conditional not in labels!
25/12/2024 02:25:17 WARNING node: LABEL conditional not in labels!
25/12/2024 02:25:17 WARNING node: LABEL conditional not in labels!
25/12/2024 02:25:17 WARNING node: LABEL conditional not in labels!
25/12/2024 02:25:17 WARNING node: LABEL arrayInitializer not in labels!
25/12/2024 02:25:17 WARNING node: LABEL arrayInitializer not in labels!
25/12/2024 02:25:17 WARNING node: LABEL conditional not in labels!
25/12/2024 02:25:17 WARNING node: LABEL conditional not in labels!
25/12/2024 04:59:48 WARNING node: LABEL expressionList not in labels!
25/12/2024 04:59:48 WARNING node: LABEL xor not in labels!
25/12/2024 04:59:48 WARNING node: LABEL op_ellipses not in labels!
25/12/2024 04:59:48 WARNING node: LABEL op_ellipses not in labels!
25/12/2024 05:07:34 WARNING node: LABEL expressionList not in labels!
26/12/2024 12:02:21 WARNING node: LABEL expressionList not in labels!
26/12/2024 12:02:21 WARNING node: LABEL expressionList not in labels!
26/12/2024 12:12:42 WARNING node: LABEL expressionList not in labels!
26/12/2024 12:12:42 WARNING node: LABEL expressionList not in labels!
26/12/2024 12:46:38 WARNING node: LABEL expressionList not in labels!
26/12/2024 12:46:38 WARNING node: LABEL expressionList not in labels!
26/12/2024 12:59:58 WARNING node: LABEL expressionList not in labels!
26/12/2024 12:59:58 WARNING node: LABEL expressionList not in labels!
26/12/2024 02:10:11 WARNING node: LABEL unknown not in labels!
26/12/2024 02:10:11 WARNING node: LABEL unknown not in labels!
26/12/2024 03:33:16 WARNING node: LABEL expressionList not in labels!
26/12/2024 03:46:46 WARNING node: LABEL expressionList not in labels!
26/12/2024 03:46:46 WARNING node: LABEL xor not in labels!
26/12/2024 03:46:47 WARNING node: LABEL op_ellipses not in labels!
26/12/2024 03:46:47 WARNING node: LABEL op_ellipses not in labels!
26/12/2024 03:50:54 WARNING node: LABEL expressionList not in labels!
26/12/2024 03:50:54 WARNING node: LABEL expressionList not in labels!
26/12/2024 04:02:17 WARNING node: LABEL expressionList not in labels!
26/12/2024 04:02:17 WARNING node: LABEL expressionList not in labels!
26/12/2024 04:02:17 WARNING node: LABEL expressionList not in labels!
26/12/2024 04:02:17 WARNING node: LABEL expressionList not in labels!
26/12/2024 04:06:48 WARNING node: LABEL xor not in labels!
26/12/2024 04:06:48 WARNING node: LABEL xor not in labels!
26/12/2024 04:12:14 WARNING node: LABEL unknown not in labels!
26/12/2024 04:12:14 WARNING node: LABEL unknown not in labels!
26/12/2024 04:16:15 WARNING node: LABEL xor not in labels!
26/12/2024 04:16:15 WARNING node: LABEL expressionList not in labels!
26/12/2024 04:16:15 WARNING node: LABEL op_ellipses not in labels!
26/12/2024 04:26:51 WARNING node: LABEL expressionList not in labels!
26/12/2024 04:26:51 WARNING node: LABEL xor not in labels!
26/12/2024 04:31:37 WARNING node: LABEL op_ellipses not in labels!
26/12/2024 04:36:00 WARNING node: LABEL xor not in labels!
26/12/2024 04:42:46 WARNING node: LABEL xor not in labels!
26/12/2024 04:46:53 WARNING node: LABEL xor not in labels!
26/12/2024 04:46:53 WARNING node: LABEL xor not in labels!
26/12/2024 04:50:33 WARNING node: LABEL bracketedPrimary not in labels!
26/12/2024 04:50:33 WARNING node: LABEL expressionList not in labels!
26/12/2024 04:56:31 WARNING node: LABEL op_ellipses not in labels!
26/12/2024 04:56:31 WARNING node: LABEL xor not in labels!
26/12/2024 04:56:31 WARNING node: LABEL xor not in labels!
26/12/2024 05:01:08 WARNING node: LABEL assignmentModulo not in labels!
26/12/2024 05:01:08 WARNING node: LABEL assignmentModulo not in labels!
26/12/2024 05:01:08 WARNING node: LABEL xor not in labels!
26/12/2024 05:01:08 WARNING node: LABEL xor not in labels!
26/12/2024 05:01:08 WARNING node: LABEL expressionList not in labels!
26/12/2024 05:05:20 WARNING node: LABEL expressionList not in labels!
26/12/2024 05:05:20 WARNING node: LABEL expressionList not in labels!
26/12/2024 05:05:20 WARNING node: LABEL expressionList not in labels!
26/12/2024 05:05:20 WARNING node: LABEL expressionList not in labels!
26/12/2024 05:05:20 WARNING node: LABEL expressionList not in labels!
